[
    {
        "id": "9749542019247",
        "title": "Eu do qui qui do",
        "created": "2013-06-19T02:01:13+00:00",
        "play_count": 0,
        "account": {
            "provider_id": "soundcloud",
            "id": "224640",
            "title": "Commodo in ut incididunt",
            "image": {
                "large": "https://soundcloud.img/avatars-000002118384-2t03fi-t500x500.jpg",
                "medium": "https://soundcloud.img/avatars-000002118384-2t03fi-t300x300.jpg",
                "small": "https://soundcloud.img/avatars-000002118384-2t03fi-large.jpg"
            }
        },
        "aspect_ratio": 1.0,
        "favourite_count": 717,
        "provider_id": "soundcloud",
        "duration": 202,
        "image": {
            "large": "https://soundcloud.img/artworks-000050938695-1ez4p1-t500x500.jpg",
            "medium": "https://soundcloud.img/artworks-000050938695-1ez4p1-t300x300.jpg",
            "small": "https://soundcloud.img/artworks-000050938695-1ez4p1-large.jpg"
        }
    },
    {
        "id": "3002250667522",
        "title": "Qui est deserunt laboris minim nulla elit",
        "created": "2015-09-22T16:58:42+00:00",
        "play_count": 0,
        "account": {
            "provider_id": "soundcloud",
            "id": "351446002",
            "title": "Do officia in excepteur",
            "image": {
                "large": "https://soundcloud.img/avatars-000416214912-zh0osr-t500x500.jpg",
                "medium": "https://soundcloud.img/avatars-000416214912-zh0osr-t300x300.jpg",
                "small": "https://soundcloud.img/avatars-000416214912-zh0osr-large.jpg"
            }
        },
        "aspect_ratio": 1.0,
        "favourite_count": 501986,
        "provider_id": "soundcloud",
        "duration": 271,
        "image": {
            "large": "https://soundcloud.img/artworks-000130366369-im1z4d-t500x500.jpg",
            "medium": "https://soundcloud.img/artworks-000130366369-im1z4d-t300x300.jpg",
            "small": "https://soundcloud.img/artworks-000130366369-im1z4d-large.jpg"
        }
    },
    {
        "id": "347793270002",
        "title": "Nisi do aliquip tempor mollit",
        "created": "2017-10-20T15:35:52+00:00",
        "play_count": 0,
        "account": {
            "provider_id": "soundcloud",
            "id": "1677324663001",
            "title": "Cillum pariatur cupidatat",
            "image": {
                "large": "https://soundcloud.img/avatars-000342725910-qxkhlj-t500x500.jpg",
                "medium": "https://soundcloud.img/avatars-000342725910-qxkhlj-t300x300.jpg",
                "small": "https://soundcloud.img/avatars-000342725910-qxkhlj-large.jpg"
            }
        },
        "aspect_ratio": 1.0,
        "favourite_count": 97,
        "provider_id": "soundcloud",
        "duration": 3414,
        "image": {
            "large": "https://soundcloud.img/artworks-000248090995-pi2m6q-t500x500.jpg",
            "medium": "https://soundcloud.img/artworks-000248090995-pi2m6q-t300x300.jpg",
            "small": "https://soundcloud.img/artworks-000248090995-pi2m6q-large.jpg"
        }
    }
]
