[
    {
        "provider_id": "youtube",
        "account": {
            "provider_id": "youtube",
            "title": "jasoneric",
            "id": "UCJFwqPzrd3p2qu7-L6WZuBQ",
            "image": null
        },
        "image": {
            "medium": "https://i.ytimg.com/vi/PDZcqBgCS74/mqdefault.jpg",
            "small": "https://i.ytimg.com/vi/PDZcqBgCS74/default.jpg",
            "large": "https://i.ytimg.com/vi/PDZcqBgCS74/hqdefault.jpg"
        },
        "title": "Lionel Richie - Hello",
        "aspect_ratio": 0.75,
        "play_count": "68567907",
        "favourite_count": "214569",
        "id": "PDZcqBgCS74",
        "created": "2006-03-18T22:40:09",
        "duration": 332
    },
    {
        "provider_id": "youtube",
        "account": {
            "provider_id": "youtube",
            "title": "Kontor.TV",
            "id": "UCb3tJ5NKw7mDxyaQ73mwbRg",
            "image": null
        },
        "image": {
            "medium": "https://i.ytimg.com/vi/kK42LZqO0wA/mqdefault.jpg",
            "small": "https://i.ytimg.com/vi/kK42LZqO0wA/default.jpg",
            "large": "https://i.ytimg.com/vi/kK42LZqO0wA/hqdefault.jpg"
        },
        "title": "Martin Solveig & Dragonette - Hello (Official Short Video Version HD)",
        "aspect_ratio": 0.5625,
        "play_count": "75918775",
        "favourite_count": "309720",
        "id": "kK42LZqO0wA",
        "created": "2010-10-01T09:08:44",
        "duration": 253
    },
    {
        "provider_id": "youtube",
        "account": {
            "provider_id": "youtube",
            "title": "Giọng Hát Việt / The Voice Vietnam",
            "id": "UChi7ZkzGovVqYNEbetu6MQA",
            "image": null
        },
        "image": {
            "medium": "https://i.ytimg.com/vi/yL6odWvurCI/mqdefault.jpg",
            "small": "https://i.ytimg.com/vi/yL6odWvurCI/default.jpg",
            "large": "https://i.ytimg.com/vi/yL6odWvurCI/hqdefault.jpg"
        },
        "title": "Huỳnh Thanh Thảo - Hello | Tập 4 Vòng Giấu Mặt | The Voice - Giọng Hát Việt 2018",
        "aspect_ratio": 0.5625,
        "play_count": "1444595",
        "favourite_count": "8678",
        "id": "yL6odWvurCI",
        "created": "2018-06-10T15:00:03",
        "duration": 679
    }
]
